[videolucrativos.space/promocao/indexb33d.html]
[backblue.gif]
[fade.gif]
[index.html]
[videolucrativos.space/wp-content/uploads/2022/06/cropped-ccd-2.png]
[videolucrativos.space/promocao/index.html]
[videolucrativos.space/wp-includes/js/jquery/jquery.minaf6c.js]
[videolucrativos.space/wp-includes/js/jquery/jquery-migrate.mind617.js]
[videolucrativos.space/wp-content/themes/twentytwenty/assets/js/indexd5f7.js]
[videolucrativos.space/wp-content/plugins/elementor/assets/lib/font-awesome/js/v4-shims.mina4f3.js]
[connect.facebook.net/en_US/fbevents.js]
[videolucrativos.space/wp-content/uploads/2022/06/cropped-ccd-2-32x32.png]
[videolucrativos.space/wp-content/uploads/2022/06/cropped-ccd-2-192x192.png]
[videolucrativos.space/wp-content/uploads/2022/06/cropped-ccd-2-180x180.png]
[videolucrativos.space/wp-content/uploads/2022/06/Headline-PC.png]
[images.converteai.net/ebc3dd7e-81a7-4893-8291-e2afb4fab1f3/players/62ddbb85b8cc47000a2bd4a5/thumbnail.jpg]
[scripts.converteai.net/ebc3dd7e-81a7-4893-8291-e2afb4fab1f3/players/62ddbb85b8cc47000a2bd4a5/player.js]
[videolucrativos.space/wp-content/uploads/2022/06/compra-segura-3-1.png]
[images.converteai.net/ebc3dd7e-81a7-4893-8291-e2afb4fab1f3/players/62e4698d9191070009920d0b/thumbnail.jpg]
[scripts.converteai.net/ebc3dd7e-81a7-4893-8291-e2afb4fab1f3/players/62e4698d9191070009920d0b/player.js]
[images.converteai.net/ebc3dd7e-81a7-4893-8291-e2afb4fab1f3/players/62e469972ab6d2000ab75378/thumbnail.jpg]
[scripts.converteai.net/ebc3dd7e-81a7-4893-8291-e2afb4fab1f3/players/62e469972ab6d2000ab75378/player.js]
[images.converteai.net/ebc3dd7e-81a7-4893-8291-e2afb4fab1f3/players/62e46aac2ab6d2000ab7537e/thumbnail.jpg]
[scripts.converteai.net/ebc3dd7e-81a7-4893-8291-e2afb4fab1f3/players/62e46aac2ab6d2000ab7537e/player.js]
[videolucrativos.space/wp-content/uploads/2022/06/Garantia-verde-300x231.png]
[videolucrativos.space/wp-content/uploads/2022/06/Site_Seguro_Selos.png]
[ev.braip.com/js/braip-boosterec92.js]
[videolucrativos.space/wp-content/plugins/backexit-redirect-master/public/js/ber97de.js]
[videolucrativos.space/wp-content/plugins/happy-elementor-addons/assets/js/happy-addons.min822f.js]
[videolucrativos.space/wp-content/plugins/happy-elementor-addons/assets/vendor/anime/lib/anime.min822f.js]
[videolucrativos.space/wp-content/plugins/elementor-pro/assets/js/webpack-pro.runtime.mindeae.js]
[videolucrativos.space/wp-content/plugins/elementor/assets/js/webpack.runtime.mina4f3.js]
[videolucrativos.space/wp-content/plugins/elementor/assets/js/frontend-modules.mina4f3.js]
[videolucrativos.space/wp-content/plugins/elementor-pro/assets/lib/sticky/jquery.sticky.mindeae.js]
[videolucrativos.space/wp-content/plugins/elementor-pro/assets/js/frontend.mindeae.js]
[videolucrativos.space/wp-content/plugins/elementor/assets/lib/waypoints/waypoints.min05da.js]
[videolucrativos.space/wp-includes/js/jquery/ui/core.min0028.js]
[videolucrativos.space/wp-content/plugins/elementor/assets/js/frontend.mina4f3.js]
[videolucrativos.space/wp-content/plugins/elementor-pro/assets/js/elements-handlers.mindeae.js]
[videolucrativos.space/promocao/indexb33d.html]
[videolucrativos.space/promocao/index.html]
[videolucrativos.space/wp-includes/css/dist/block-library/style.min37ad.css]
[videolucrativos.space/wp-content/themes/twentytwenty/assets/fonts/inter/Inter-upright-var.woff2]
[videolucrativos.space/wp-content/themes/twentytwenty/assets/fonts/inter/Inter-italic-var.woff2]
[videolucrativos.space/wp-content/themes/twentytwenty/styled5f7.css]
[videolucrativos.space/wp-content/themes/twentytwenty/printd5f7.css]
[videolucrativos.space/wp-content/plugins/elementor/assets/lib/eicons/css/elementor-icons.min7816.css]
[videolucrativos.space/wp-content/plugins/elementor/assets/css/frontend-lite.mina4f3.css]
[videolucrativos.space/wp-content/uploads/elementor/css/post-7f82e.css]
[videolucrativos.space/wp-content/plugins/elementor-pro/assets/css/frontend.mindeae.css]
[videolucrativos.space/wp-content/plugins/elementor/assets/lib/font-awesome/css/all.mina4f3.css]
[videolucrativos.space/wp-content/plugins/elementor/assets/lib/font-awesome/css/v4-shims.mina4f3.css]
[videolucrativos.space/wp-content/uploads/elementor/css/globalf82e.css]
[videolucrativos.space/wp-content/uploads/2022/06/fundo-1-1-1-1.jpg]
[videolucrativos.space/wp-content/uploads/elementor/css/post-15402a98.css]
[videolucrativos.space/wp-content/plugins/happy-elementor-addons/assets/fonts/happy-icons.woff2]
[videolucrativos.space/wp-content/plugins/happy-elementor-addons/assets/fonts/happy-icons.woff]
[videolucrativos.space/wp-content/plugins/happy-elementor-addons/assets/fonts/style.min822f.css]
[videolucrativos.space/wp-content/plugins/elementor/assets/lib/font-awesome/css/font-awesome.min1849.css]
[videolucrativos.space/wp-content/plugins/elementor/assets/lib/font-awesome/css/fontawesome.min52d5.css]
[videolucrativos.space/wp-content/plugins/elementor/assets/lib/font-awesome/css/regular.min52d5.css]
[videolucrativos.space/wp-content/plugins/elementor/assets/lib/font-awesome/css/solid.min52d5.css]
[videolucrativos.space/promocao/POST]
[connect.facebook.net/en_US/fbevents.js]
[videolucrativos.space/wp-content/plugins/happy-elementor-addons/assets/fonts/happy-icons.svg]
[videolucrativos.space/promocao/POST.html]
